###############################################################################
#
# IAR ELF Linker V8.50.9.278/W32 for ARM                  23/Feb/2021  17:49:41
# Copyright 2007-2020 IAR Systems AB.
#
#    Output file  =
#        D:\WorkSpace\Embarcados\Projects\EK-TM4C1294_IAR8\Projects\primeira_pratica\Debug\Exe\primeira_pratica.out
#    Map file     =
#        D:\WorkSpace\Embarcados\Projects\EK-TM4C1294_IAR8\Projects\primeira_pratica\Debug\List\primeira_pratica.map
#    Command line =
#        -f C:\Users\Keiji\AppData\Local\Temp\EW62C3.tmp
#        (D:\WorkSpace\Embarcados\Projects\EK-TM4C1294_IAR8\TivaWare_C_Series-2.1.4.178\driverlib\ewarm\Exe\driverlib.a
#        D:\WorkSpace\Embarcados\Projects\EK-TM4C1294_IAR8\Projects\primeira_pratica\Debug\Obj\primera_pratica_main.o
#        D:\WorkSpace\Embarcados\Projects\EK-TM4C1294_IAR8\Projects\primeira_pratica\Debug\Obj\startup_TM4C1294.o
#        D:\WorkSpace\Embarcados\Projects\EK-TM4C1294_IAR8\Projects\primeira_pratica\Debug\Obj\system_TM4C1294_TW.o
#        --no_out_extension -o
#        D:\WorkSpace\Embarcados\Projects\EK-TM4C1294_IAR8\Projects\primeira_pratica\Debug\Exe\primeira_pratica.out
#        --map
#        D:\WorkSpace\Embarcados\Projects\EK-TM4C1294_IAR8\Projects\primeira_pratica\Debug\List\primeira_pratica.map
#        --config "C:\Program Files (x86)\IAR Systems\Embedded Workbench
#        8.4_2\arm\config\linker\TexasInstruments\TM4C1294NC.icf" --semihosting
#        --entry __iar_program_start --vfe --text_out locale)
#
###############################################################################

*******************************************************************************
*** RUNTIME MODEL ATTRIBUTES
***

CppFlavor       = *
__SystemLibrary = DLib
__dlib_version  = 6


*******************************************************************************
*** HEAP SELECTION
***

The basic heap was selected because some modules are built with
size limitations (and not runtime checking), and --advanced_heap
was not specified.


*******************************************************************************
*** PLACEMENT SUMMARY
***

"A0":  place at address 0x0 { ro section .intvec };
"P1":  place in [from 0x0 to 0xf'ffff] { ro };
define block CSTACK with size = 32K, alignment = 8 { };
define block HEAP with size = 64K, alignment = 8 { };
"P2":  place in [from 0x2000'0000 to 0x2003'ffff] {
          rw, block CSTACK, block HEAP };

  Section          Kind         Address    Size  Object
  -------          ----         -------    ----  ------
"A0":                                     0x3c0
  .intvec          ro code          0x0   0x3c0  startup_TM4C1294.o [1]
                                - 0x3c0   0x3c0

"P1":                                     0x754
  .text            ro code        0x3c0   0x254  sysctl.o [3]
  .rodata          const          0x614   0x1b0  sysctl.o [3]
  .text            ro code        0x7c4   0x14e  gpio.o [3]
  .text            ro code        0x912    0x3a  zero_init3.o [4]
  .rodata          const          0x94c    0x6c  sysctl.o [3]
  .text            ro code        0x9b8    0x50  primera_pratica_main.o [1]
  .rodata          const          0xa08    0x30  sysctl.o [3]
  .text            ro code        0xa38    0x2c  system_TM4C1294_TW.o [1]
  .text            ro code        0xa64    0x28  data_init.o [4]
  .iar.init_table  const          0xa8c    0x10  - Linker created -
  .text            ro code        0xa9c    0x1e  cmain.o [4]
  .text            ro code        0xaba     0x4  low_level_init.o [2]
  .text            ro code        0xabe     0x4  exit.o [2]
  .text            ro code        0xac2     0x2  startup_TM4C1294.o [1]
  .text            ro code        0xac4     0xa  cexit.o [4]
  .text            ro code        0xad0    0x14  exit.o [5]
  .text            ro code        0xae4    0x1c  cstartup_M.o [4]
  .text            ro code        0xb00    0x14  startup_TM4C1294.o [1]
  .rodata          const          0xb14     0x0  zero_init3.o [4]
                                - 0xb14   0x754

"P2", part 1 of 2:                          0x4
  .bss             zero     0x2000'0000     0x1  primera_pratica_main.o [1]
                          - 0x2000'0001     0x1

"P2", part 2 of 2:                       0x8004
  .noinit          uninit   0x2000'0004     0x4  system_TM4C1294_TW.o [1]
  CSTACK                    0x2000'0008  0x8000  <Block>
    CSTACK         uninit   0x2000'0008  0x8000  <Block tail>
                          - 0x2000'8008  0x8004

Unused ranges:

         From           To      Size
         ----           --      ----
        0xb14     0xf'ffff  0xf'f4ec
  0x2000'8008  0x2003'ffff  0x3'7ff8


*******************************************************************************
*** INIT TABLE
***

          Address      Size
          -------      ----
Zero (__iar_zero_init3)
    1 destination range, total size 0x1:
          0x2000'0000   0x1



*******************************************************************************
*** MODULE SUMMARY
***

    Module                  ro code  ro data  rw data
    ------                  -------  -------  -------
command line/config:
    -------------------------------------------------
    Total:

D:\WorkSpace\Embarcados\Projects\EK-TM4C1294_IAR8\Projects\primeira_pratica\Debug\Obj: [1]
    primera_pratica_main.o       80                 1
    startup_TM4C1294.o          982
    system_TM4C1294_TW.o         44                 4
    -------------------------------------------------
    Total:                    1'106                 5

dl7M_tln.a: [2]
    exit.o                        4
    low_level_init.o              4
    -------------------------------------------------
    Total:                        8

driverlib.a: [3]
    gpio.o                      334
    sysctl.o                    596      588
    -------------------------------------------------
    Total:                      930      588

rt7M_tl.a: [4]
    cexit.o                      10
    cmain.o                      30
    cstartup_M.o                 28
    data_init.o                  40
    zero_init3.o                 58
    -------------------------------------------------
    Total:                      166

shb_l.a: [5]
    exit.o                       20
    -------------------------------------------------
    Total:                       20

    Gaps                          2
    Linker created                        16   32'768
-----------------------------------------------------
    Grand Total:              2'232      604   32'773


*******************************************************************************
*** ENTRY LIST
***

Entry                       Address   Size  Type      Object
-----                       -------   ----  ----      ------
.iar.init_table$$Base         0xa8c          --   Gb  - Linker created -
.iar.init_table$$Limit        0xa9c          --   Gb  - Linker created -
?main                         0xa9d         Code  Gb  cmain.o [4]
CSTACK$$Base            0x2000'0008          --   Gb  - Linker created -
CSTACK$$Limit           0x2000'8008          --   Gb  - Linker created -
GPIODirModeSet                0x7c5   0x28  Code  Gb  gpio.o [3]
GPIOPadConfigSet              0x7ed  0x102  Code  Gb  gpio.o [3]
GPIOPinTypeGPIOOutput         0x8f7    0xa  Code  Gb  gpio.o [3]
GPIOPinWrite                  0x8ef    0x8  Code  Gb  gpio.o [3]
LED_D1                  0x2000'0000    0x1  Data  Gb  primera_pratica_main.o [1]
Region$$Table$$Base           0xa8c          --   Gb  - Linker created -
Region$$Table$$Limit          0xa9c          --   Gb  - Linker created -
SysCtlClockFreqSet            0x3e1  0x1fc  Code  Gb  sysctl.o [3]
SystemCoreClock         0x2000'0004    0x4  Data  Gb  system_TM4C1294_TW.o [1]
SystemInit                    0xa39   0x1a  Code  Gb  system_TM4C1294_TW.o [1]
_SysCtlMemTimingGet           0x3c1   0x20  Code  Lc  sysctl.o [3]
__Vectors                       0x0          --   Gb  startup_TM4C1294.o [1]
__Vectors_End                 0x3c0         Data  Gb  startup_TM4C1294.o [1]
__Vectors_Size {Abs}          0x3c0          --   Gb  startup_TM4C1294.o [1]
__cmain                       0xa9d         Code  Gb  cmain.o [4]
__exit                        0xad1   0x14  Code  Gb  exit.o [5]
__iar_data_init3              0xa65   0x28  Code  Gb  data_init.o [4]
__iar_init_vfp                0xb09         Code  Wk  startup_TM4C1294.o [1]
__iar_program_start           0xae5         Code  Gb  cstartup_M.o [4]
__iar_zero_init3              0x913   0x3a  Code  Gb  zero_init3.o [4]
__low_level_init              0xabb    0x4  Code  Gb  low_level_init.o [2]
__vector_table                  0x0         Data  Gb  startup_TM4C1294.o [1]
__vector_table_0x1c            0x1c         Data  Gb  startup_TM4C1294.o [1]
_call_main                    0xaa9         Code  Gb  cmain.o [4]
_exit                         0xac5         Code  Gb  cexit.o [4]
_main                         0xab3         Code  Gb  cmain.o [4]
exit                          0xabf    0x4  Code  Gb  exit.o [2]
g_pppui32XTALtoVCO            0x614  0x1b0  Data  Lc  sysctl.o [3]
g_pui32VCOFrequencies         0x60c    0x8  Data  Lc  sysctl.o [3]
g_pui32Xtals                  0x94c   0x6c  Data  Lc  sysctl.o [3]
g_sXTALtoMEMTIM               0xa08   0x30  Data  Lc  sysctl.o [3]
main                          0x9b9   0x50  Code  Gb  primera_pratica_main.o [1]


[1] = D:\WorkSpace\Embarcados\Projects\EK-TM4C1294_IAR8\Projects\primeira_pratica\Debug\Obj
[2] = dl7M_tln.a
[3] = driverlib.a
[4] = rt7M_tl.a
[5] = shb_l.a

   2'232 bytes of readonly  code memory
     604 bytes of readonly  data memory
  32'773 bytes of readwrite data memory

Errors: none
Warnings: none
